$ bun run prisma:generate && next build
$ bunx prisma generate
Loaded Prisma config from prisma.config.ts.

Prisma schema loaded from prisma\schema.prisma

✔ Generated Prisma Client (v7.1.0) to .\node_modules\@prisma\client in 208ms

Start by importing your Prisma Client (See: https://pris.ly/d/importing-client)

Tip: Want to turn off tips and other hints? https://pris.ly/tip-4-nohints

   ▲ Next.js 16.0.10 (Turbopack)
   - Environments: .env

   Creating an optimized production build ...
 ✓ Compiled successfully in 18.6s
   Running TypeScript ...
   Collecting page data using 11 workers ...
   Generating static pages using 11 workers (0/8) ...
   Generating static pages using 11 workers (2/8) 
   Generating static pages using 11 workers (4/8) 
   Generating static pages using 11 workers (6/8) 
 ✓ Generating static pages using 11 workers (8/8) in 1863.7ms
   Finalizing page optimization ...

Route (app)
┌ ƒ /
├ ○ /_not-found
├ ƒ /api/trpc/[trpc]
├ ○ /auth/signin
├ ○ /auth/signup
├ ○ /bull-board
├ ○ /workflow
├ ƒ /workflow/detail/[id]
└ ƒ /workflow/preview/[id]


○  (Static)   prerendered as static content
ƒ  (Dynamic)  server-rendered on demand

